[2026-08-04 02:30:46] 🚀 手动刷新模式
[2026-08-04 02:30:46] ============================================================
[2026-08-04 02:30:46] 开始检查27届校招更新...
[2026-08-04 02:30:46]   正在抓取: 国资央企招聘平台 (https://cujiuye.iguopin.com/notice)
[2026-08-04 02:30:46]     找到 0 条潜在招聘信息
[2026-08-04 02:30:46]   正在抓取: 华中科技大学就业网 (https://job.hust.edu.cn/zpxx123123/index.htm)
[2026-08-04 02:30:48]     找到 12 条潜在招聘信息
[2026-08-04 02:30:48]   正在抓取: 武汉理工大学就业网 (https://scc.whut.edu.cn/)
[2026-08-04 02:30:49]     找到 0 条潜在招聘信息
[2026-08-04 02:30:49] 本轮共发现 12 条潜在新信息
[2026-08-04 02:30:49] （详细数据需手动核实后添加到 campus_data.py）
[2026-08-04 02:30:49]   重新生成HTML表格...
[2026-08-04 02:30:49]   
[2026-08-04 02:30:49]   stderr: Traceback (most recent call last):
  File "/home/runner/work/27xiaozhao/27xiaozhao/generate_table.py", line 330, in <module>
    with open(output_path, "w", encoding="utf-8") as f:
         ^^^^^^^^^^^^^^^^^^^^^^^^^^^^^^^^^^^^^^^^
FileNotFoundError: [Errno 2] No such file or directory: '/workspace/campus_recruitment/27届校招信息汇总表.html'
[2026-08-04 02:30:49]   已同步 index.html
[2026-08-04 02:30:49] ✅ 刷新完成！
[2026-08-04 02:36:02] 🚀 手动刷新模式
[2026-08-04 02:36:02] ============================================================
[2026-08-04 02:36:02] 开始检查27届校招更新...
[2026-08-04 02:36:02]   正在抓取: 国资央企招聘平台 (https://cujiuye.iguopin.com/notice)
[2026-08-04 02:36:03]     找到 0 条潜在招聘信息
[2026-08-04 02:36:03]   正在抓取: 华中科技大学就业网 (https://job.hust.edu.cn/zpxx123123/index.htm)
[2026-08-04 02:36:04]     找到 12 条潜在招聘信息
[2026-08-04 02:36:04]   正在抓取: 武汉理工大学就业网 (https://scc.whut.edu.cn/)
[2026-08-04 02:36:06]     找到 0 条潜在招聘信息
[2026-08-04 02:36:06] 本轮共发现 12 条潜在新信息
[2026-08-04 02:36:06] （详细数据需手动核实后添加到 campus_data.py）
[2026-08-04 02:36:06]   重新生成HTML表格...
[2026-08-04 02:36:06]   
[2026-08-04 02:36:06]   stderr: Traceback (most recent call last):
  File "/home/runner/work/27xiaozhao/27xiaozhao/generate_table.py", line 330, in <module>
    with open(output_path, "w", encoding="utf-8") as f:
         ^^^^^^^^^^^^^^^^^^^^^^^^^^^^^^^^^^^^^^^^
FileNotFoundError: [Errno 2] No such file or directory: '/workspace/campus_recruitment/27届校招信息汇总表.html'
[2026-08-04 02:36:06]   已同步 index.html
[2026-08-04 02:36:06] ✅ 刷新完成！
[2026-08-04 02:46:40] 🚀 手动刷新模式
[2026-08-04 02:46:40] ============================================================
[2026-08-04 02:46:40] 开始检查27届校招更新...
[2026-08-04 02:46:40]   正在抓取: 国资央企招聘平台 (https://cujiuye.iguopin.com/notice)
[2026-08-04 02:46:41]     找到 0 条潜在招聘信息
[2026-08-04 02:46:41]   正在抓取: 华中科技大学就业网 (https://job.hust.edu.cn/zpxx123123/index.htm)
[2026-08-04 02:46:43]     找到 12 条潜在招聘信息
[2026-08-04 02:46:43]   正在抓取: 武汉理工大学就业网 (https://scc.whut.edu.cn/)
[2026-08-04 02:46:47]     找到 0 条潜在招聘信息
[2026-08-04 02:46:47] 本轮共发现 12 条潜在新信息
[2026-08-04 02:46:47] （详细数据需手动核实后添加到 campus_data.py）
[2026-08-04 02:46:47]   重新生成HTML表格...
[2026-08-04 02:46:47]   ✅ HTML表格已生成：27届校招信息汇总表.html
   共 76 家企业
[2026-08-04 02:46:47]   已同步 index.html
[2026-08-04 02:46:47] ✅ 刷新完成！
[2026-08-04 02:53:05] 🚀 手动刷新模式
[2026-08-04 02:53:05] ============================================================
[2026-08-04 02:53:05] 开始检查27届校招更新...
[2026-08-04 02:53:05]   正在抓取: 国资央企招聘平台 (https://cujiuye.iguopin.com/notice)
[2026-08-04 02:53:06]     找到 0 条潜在招聘信息
[2026-08-04 02:53:06]   正在抓取: 华中科技大学就业网 (https://job.hust.edu.cn/zpxx123123/index.htm)
[2026-08-04 02:53:08]     找到 12 条潜在招聘信息
[2026-08-04 02:53:08]   正在抓取: 武汉理工大学就业网 (https://scc.whut.edu.cn/)
[2026-08-04 02:53:09]     找到 0 条潜在招聘信息
[2026-08-04 02:53:09] 本轮共发现 12 条潜在新信息
[2026-08-04 02:53:09] （详细数据需手动核实后添加到 campus_data.py）
[2026-08-04 02:53:09]   重新生成HTML表格...
[2026-08-04 02:53:09]   ✅ HTML表格已生成：27届校招信息汇总表.html
   共 76 家企业
[2026-08-04 02:53:09]   已同步 index.html
[2026-08-04 02:53:09] ✅ 刷新完成！
[2026-08-04 06:14:29] ============================================================
[2026-08-04 06:14:29] 🚀 开始自动刷新27届校招信息...
[2026-08-04 06:14:29]   现有数据: 76 家企业
[2026-08-04 06:14:29]   正在抓取: 牛客网校招日程
[2026-08-04 06:14:30]     牛客网: 找到 0 条
[2026-08-04 06:14:30]   正在抓取: 华中科技大学就业网
[2026-08-04 06:14:32]     华科就业网: 找到 10 条
[2026-08-04 06:14:32]   正在抓取: 华北电力大学就业网
[2026-08-04 06:14:34]     华电就业网: 找到 1 条
[2026-08-04 06:14:34]   正在抓取: 国资央企招聘平台
[2026-08-04 06:14:35]     国聘网: 找到 0 条
[2026-08-04 06:14:35]   共抓取到 11 条潜在新信息
[2026-08-04 06:14:35]   本次新增 9 家企业:
[2026-08-04 06:14:35]     + 艾飞智控
[2026-08-04 06:14:35]     + 苏州科达科技股份有限公司2027信息
[2026-08-04 06:14:35]     + 深圳方正微电子有限公司  简章
[2026-08-04 06:14:35]     + 中国科学院空天信息创新研究院
[2026-08-04 06:14:35]     + 晓禾教育2026年&
[2026-08-04 06:14:35]     + 星宸科技股份有限公司
[2026-08-04 06:14:35]     + 乐元素秋季招聘｜应届+实习全年开放（北京上海）
[2026-08-04 06:14:35]     + 西安紫光国芯半导体股份有限公司
[2026-08-04 06:14:35]     + 华能甘肃能源开发有限公司
[2026-08-04 06:14:35]   合并后总计: 85 家企业
[2026-08-04 06:14:35]   重新生成HTML表格...
[2026-08-04 06:14:35]   ✅ HTML表格已生成：27届校招信息汇总表.html
   共 85 家企业
[2026-08-04 06:14:35]   已同步 index.html
[2026-08-04 06:14:35] ✅ 刷新完成！
[2026-08-04 08:30:02] ============================================================
[2026-08-04 08:30:02] 🚀 开始自动刷新27届校招信息...
[2026-08-04 08:30:02]   现有数据: 85 家企业
[2026-08-04 08:30:02]   正在抓取: 牛客网校招日程
[2026-08-04 08:30:03]     牛客网: 找到 0 条
[2026-08-04 08:30:03]   正在抓取: 华中科技大学就业网
[2026-08-04 08:30:05]     华科就业网: 找到 8 条
[2026-08-04 08:30:05]   正在抓取: 华北电力大学就业网
[2026-08-04 08:30:06]     华电就业网: 找到 1 条
[2026-08-04 08:30:06]   正在抓取: 国资央企招聘平台
[2026-08-04 08:30:07]     国聘网: 找到 0 条
[2026-08-04 08:30:07]   共抓取到 9 条潜在新信息
[2026-08-04 08:30:07]   本次新增 2 家企业:
[2026-08-04 08:30:07]     + 2026年“才聚齐鲁 成就未来” 中泰证券秋季校园
[2026-08-04 08:30:07]     + 燕东微博士生招聘正式启动
[2026-08-04 08:30:07]   合并后总计: 87 家企业
[2026-08-04 08:30:07]   重新生成HTML表格...
[2026-08-04 08:30:07]   ✅ HTML表格已生成：27届校招信息汇总表.html
   共 87 家企业
[2026-08-04 08:30:07]   已同步 index.html
[2026-08-04 08:30:07] ✅ 刷新完成！
[2026-08-04 14:00:00] ============================================================
[2026-08-04 14:00:00] 🚀 开始自动刷新27届校招信息...
[2026-08-04 14:00:00]   现有数据: 87 家企业
[2026-08-04 14:00:00]   正在抓取: 牛客网校招日程
[2026-08-04 14:00:01]     牛客网: 找到 0 条
[2026-08-04 14:00:01]   正在抓取: 华中科技大学就业网
[2026-08-04 14:00:03]     华科就业网: 找到 8 条
[2026-08-04 14:00:03]   正在抓取: 华北电力大学就业网
[2026-08-04 14:00:05]     华电就业网: 找到 0 条
[2026-08-04 14:00:05]   正在抓取: 国资央企招聘平台
[2026-08-04 14:00:06]     国聘网: 找到 0 条
[2026-08-04 14:00:06]   共抓取到 8 条潜在新信息
[2026-08-04 14:00:06]   本次新增 0 家企业:
[2026-08-04 14:00:06]   合并后总计: 87 家企业
[2026-08-04 14:00:06]   重新生成HTML表格...
[2026-08-04 14:00:06]   ✅ HTML表格已生成：27届校招信息汇总表.html
   共 87 家企业
[2026-08-04 14:00:06]   已同步 index.html
[2026-08-04 14:00:06] ✅ 刷新完成！
[2026-08-04 19:24:59] ============================================================
[2026-08-04 19:24:59] 🚀 开始自动刷新27届校招信息...
[2026-08-04 19:24:59]   现有数据: 87 家企业
[2026-08-04 19:24:59]   正在抓取: 牛客网校招日程
[2026-08-04 19:25:01]     牛客网: 找到 0 条
[2026-08-04 19:25:01]   正在抓取: 华中科技大学就业网
[2026-08-04 19:25:02]     华科就业网: 找到 8 条
[2026-08-04 19:25:02]   正在抓取: 华北电力大学就业网
[2026-08-04 19:25:06]     华电就业网: 找到 0 条
[2026-08-04 19:25:06]   正在抓取: 国资央企招聘平台
[2026-08-04 19:25:07]     国聘网: 找到 0 条
[2026-08-04 19:25:07]   共抓取到 8 条潜在新信息
[2026-08-04 19:25:07]   本次新增 0 家企业:
[2026-08-04 19:25:07]   合并后总计: 87 家企业
[2026-08-04 19:25:07]   重新生成HTML表格...
[2026-08-04 19:25:07]   ✅ HTML表格已生成：27届校招信息汇总表.html
   共 87 家企业
[2026-08-04 19:25:08]   已同步 index.html
[2026-08-04 19:25:08] ✅ 刷新完成！
[2026-08-05 02:03:37] ============================================================
[2026-08-05 02:03:37] 🚀 开始自动刷新27届校招信息...
[2026-08-05 02:03:37]   现有数据: 87 家企业
[2026-08-05 02:03:37]   正在抓取: 牛客网校招日程
[2026-08-05 02:03:38]     牛客网: 找到 0 条
[2026-08-05 02:03:38]   正在抓取: 华中科技大学就业网
[2026-08-05 02:03:40]     华科就业网: 找到 8 条
[2026-08-05 02:03:40]   正在抓取: 华北电力大学就业网
[2026-08-05 02:03:42]     华电就业网: 找到 1 条
[2026-08-05 02:03:42]   正在抓取: 国资央企招聘平台
[2026-08-05 02:03:43]     国聘网: 找到 0 条
[2026-08-05 02:03:43]   共抓取到 9 条潜在新信息
[2026-08-05 02:03:43]   本次新增 0 家企业:
[2026-08-05 02:03:43]   合并后总计: 87 家企业
[2026-08-05 02:03:43]   重新生成HTML表格...
[2026-08-05 02:03:43]   ✅ HTML表格已生成：27届校招信息汇总表.html
   共 87 家企业
[2026-08-05 02:03:43]   已同步 index.html
[2026-08-05 02:03:43] ✅ 刷新完成！
[2026-08-05 08:28:33] ============================================================
[2026-08-05 08:28:33] 🚀 开始自动刷新27届校招信息...
[2026-08-05 08:28:33]   现有数据: 87 家企业
[2026-08-05 08:28:33]   正在抓取: 牛客网校招日程
[2026-08-05 08:28:34]     牛客网: 找到 0 条
[2026-08-05 08:28:34]   正在抓取: 华中科技大学就业网
[2026-08-05 08:28:36]     华科就业网: 找到 8 条
[2026-08-05 08:28:36]   正在抓取: 华北电力大学就业网
[2026-08-05 08:28:37]     华电就业网: 找到 1 条
[2026-08-05 08:28:37]   正在抓取: 国资央企招聘平台
[2026-08-05 08:28:38]     国聘网: 找到 0 条
[2026-08-05 08:28:38]   共抓取到 9 条潜在新信息
[2026-08-05 08:28:38]   本次新增 0 家企业:
[2026-08-05 08:28:38]   合并后总计: 87 家企业
[2026-08-05 08:28:38]   重新生成HTML表格...
[2026-08-05 08:28:38]   ✅ HTML表格已生成：27届校招信息汇总表.html
   共 87 家企业
[2026-08-05 08:28:38]   已同步 index.html
[2026-08-05 08:28:38] ✅ 刷新完成！
